[
{
    "var_string_array": [
        "string12",
        "string13"
    ]
},
{
    "var_array_array": [
        [
            1,
            2,
            3
        ],
        [
            4,
            5,
            6
        ]
    ]
}
,
{
    "var_records_array": [
        {
            "var_char": "a",
            "var_double": 16.0,
            "var_int32t1": 14,
            "var_int32t2": 15
        },
        {
            "var_char": "b",
            "var_double": 19.0,
            "var_int32t1": 17,
            "var_int32t2": 18
        }
    ]
}
]