[
{"var_uint16_t": [
  [
    2,
    22,
    2
  ],
  [
    2,
    22,
    2
  ]
]},
{"var_uint32_t": [
  [
    3,
    33,
    3
  ],
  [
    3,
    33,
    3
  ]
]},
{"var_uint64_t": [
  [
    4,
    44,
    4
  ],
  [
    4,
    44,
    4
  ]
]},
{"var_int8_t": [
  [
    5,
    55,
    5
  ],
  [
    5,
    55,
    5
  ]
]},
{"var_int16_t": [
  [
    6,
    66,
    6
  ],
  [
    6,
    66,
    6
  ]
]},
{"var_int32_t": [
  [
    7,
    77,
    7
  ],
  [
    7,
    77,
    7
  ]
]},
{"var_int64_t": [
  [
    8,
    88,
    8
  ],
  [
    8,
    88,
    8
  ]
]},
{"var_float": [
  [
    9.000000,
    99.000000,
    9.000000
  ],
  [
    9.000000,
    99.000000,
    9.000000
  ]
]},
{"var_double": [
  [
    10.000000,
    1010.000000,
    10.000000
  ],
  [
    10.000000,
    1010.000000,
    10.000000
  ]
]},
{"var_char": [
  "abc",
  "abc"
]}
]