[
{
    "var_array_record_array_array": [
        {
            "var_array_of_array": [
                [
                    311,
                    312,
                    313,
                    314
                ],
                [
                    321,
                    322,
                    323,
                    324
                ],
                [
                    331,
                    332,
                    333,
                    334
                ]
            ],
            "var_double": 33.3,
            "var_int": 3
        },
        {
            "var_array_of_array": [
                [
                    411,
                    412,
                    413,
                    414
                ],
                [
                    421,
                    422,
                    423,
                    424
                ],
                [
                    431,
                    432,
                    433,
                    434
                ]
            ],
            "var_double": 44.4,
            "var_int": 4
        }
    ]
},
{
    "var_tuple_array_record": [
        11,
        12.3,
        [
            {
                "var_double": 22.2,
                "var_int": 22
            },
            {
                "var_double": 33.0,
                "var_int": 33
            }
        ]
    ]
}
]