[
{"pvar_uint16_t": 2},
{"pvar_uint32_t": 3},
{"pvar_uint64_t": 4},
{"pvar_int8_t": 5},
{"pvar_int16_t": 6},
{"pvar_int32_t": 7},
{"pvar_int64_t": 8},
{"pvar_float": 9.000000},
{"pvar_double": 10.000000},
{"pvar_char": "a"},
{"pvar_string": "string12"},
{"pvar_array": [
    11,
    12,
    13
  ]},
{"pvar_record": {
    "var_int32_t1": 14,
    "var_int32_t2": 15,
    "var_char": "a",
    "var_double": 16.000000
  }},
{"var_int_pointer_array": [
  [
      1,
      2,
      3
    ],
  [
      4,
      5,
      6
    ]
]}
]